26-Aug-2025 08:02:11.251 INFO [main] org.apache.catalina.core.ApplicationContext.log ContextListener: contextInitialized()
26-Aug-2025 08:02:11.257 INFO [main] org.apache.catalina.core.ApplicationContext.log SessionListener: contextInitialized()
26-Aug-2025 08:02:11.265 INFO [main] org.apache.catalina.core.ApplicationContext.log ContextListener: attributeAdded('StockTicker', 'async.Stockticker@545de5a4')
26-Aug-2025 08:19:00.218 INFO [Thread-1] org.apache.catalina.core.ApplicationContext.log SessionListener: contextDestroyed()
26-Aug-2025 08:19:00.218 INFO [Thread-1] org.apache.catalina.core.ApplicationContext.log ContextListener: contextDestroyed()
26-Aug-2025 08:29:43.000 INFO [main] org.apache.catalina.core.ApplicationContext.log 1 Spring WebApplicationInitializers detected on classpath
26-Aug-2025 08:29:45.080 INFO [main] org.apache.catalina.core.ApplicationContext.log ContextListener: contextInitialized()
26-Aug-2025 08:29:45.080 INFO [main] org.apache.catalina.core.ApplicationContext.log SessionListener: contextInitialized()
26-Aug-2025 08:29:45.083 INFO [main] org.apache.catalina.core.ApplicationContext.log ContextListener: attributeAdded('StockTicker', 'async.Stockticker@7b1a32e')
26-Aug-2025 08:32:09.630 INFO [Thread-1] org.apache.catalina.core.ApplicationContext.log SessionListener: contextDestroyed()
26-Aug-2025 08:32:09.630 INFO [Thread-1] org.apache.catalina.core.ApplicationContext.log ContextListener: contextDestroyed()
26-Aug-2025 08:33:33.059 INFO [main] org.apache.catalina.core.ApplicationContext.log 1 Spring WebApplicationInitializers detected on classpath
26-Aug-2025 08:33:36.071 INFO [main] org.apache.catalina.core.ApplicationContext.log ContextListener: contextInitialized()
26-Aug-2025 08:33:36.079 INFO [main] org.apache.catalina.core.ApplicationContext.log SessionListener: contextInitialized()
26-Aug-2025 08:33:36.091 INFO [main] org.apache.catalina.core.ApplicationContext.log ContextListener: attributeAdded('StockTicker', 'async.Stockticker@234a21e9')
26-Aug-2025 08:43:59.778 INFO [main] org.apache.catalina.core.ApplicationContext.log 2 Spring WebApplicationInitializers detected on classpath
26-Aug-2025 08:44:09.543 INFO [main] org.apache.catalina.core.ApplicationContext.log Initializing Spring embedded WebApplicationContext
26-Aug-2025 08:44:36.665 INFO [main] org.apache.catalina.core.ApplicationContext.log ContextListener: contextInitialized()
26-Aug-2025 08:44:36.665 INFO [main] org.apache.catalina.core.ApplicationContext.log SessionListener: contextInitialized()
26-Aug-2025 08:44:36.674 INFO [main] org.apache.catalina.core.ApplicationContext.log ContextListener: attributeAdded('StockTicker', 'async.Stockticker@1a8626b')
26-Aug-2025 08:44:38.467 INFO [http-nio-8080-exec-1] org.apache.catalina.core.ApplicationContext.log Initializing Spring DispatcherServlet 'dispatcherServlet'
